ARM GAS  C:\Users\david\AppData\Local\Temp\ccDnmgBe.s 			page 1


   1              		.syntax unified
   2              		.cpu cortex-m3
   3              		.fpu softvfp
   4              		.eabi_attribute 20, 1
   5              		.eabi_attribute 21, 1
   6              		.eabi_attribute 23, 3
   7              		.eabi_attribute 24, 1
   8              		.eabi_attribute 25, 1
   9              		.eabi_attribute 26, 1
  10              		.eabi_attribute 30, 1
  11              		.eabi_attribute 34, 1
  12              		.eabi_attribute 18, 4
  13              		.thumb
  14              		.syntax unified
  15              		.file	"main.c"
  16              		.text
  17              	.Ltext0:
  18              		.cfi_sections	.debug_frame
  19              		.global	__aeabi_i2f
  20              		.global	__aeabi_fmul
  21              		.global	__aeabi_f2d
  22              		.section	.text.main,"ax",%progbits
  23              		.align	2
  24              		.global	main
  25              		.thumb
  26              		.thumb_func
  27              		.type	main, %function
  28              	main:
  29              	.LFB64:
  30              		.file 1 "main.c"
   1:main.c        **** /******************************************************************************
   2:main.c        **** * File Name: main_cm4.c
   3:main.c        **** *
   4:main.c        **** * Version: 1.00
   5:main.c        **** *
   6:main.c        **** * Description: This code example shows how to use the TCPWM Component in
   7:main.c        **** * Quadrature Decoder mode.
   8:main.c        **** * This code example uses 3 TCPWM Components. One is set up as quadrature 
   9:main.c        **** * decoder and two of them are configured for emulating an optical encoder where 
  10:main.c        **** * the shaft is rotating. Quadrature encoded signal (same frequency and 90 degrees
  11:main.c        **** * out of phase) is generated by starting one PWM Component before another.
  12:main.c        **** * These signals are the input to the Quadrature Decoder.
  13:main.c        **** * The Quadrature Decoder is configured to detect the direction of rotation.
  14:main.c        **** *
  15:main.c        **** * Related Document: CE220799.pdf
  16:main.c        **** *
  17:main.c        **** * Hardware Dependency: CY8CKIT-062-BLE PSoC 6 BLE Pioneer Kit
  18:main.c        **** *
  19:main.c        **** ******************************************************************************
  20:main.c        **** * Copyright (2017), Cypress Semiconductor Corporation.
  21:main.c        **** ******************************************************************************
  22:main.c        **** * This software, including source code, documentation and related materials
  23:main.c        **** * ("Software") is owned by Cypress Semiconductor Corporation (Cypress) and is
  24:main.c        **** * protected by and subject to worldwide patent protection (United States and 
  25:main.c        **** * foreign), United States copyright laws and international treaty provisions. 
  26:main.c        **** * Cypress hereby grants to licensee a personal, non-exclusive, non-transferable
  27:main.c        **** * license to copy, use, modify, create derivative works of, and compile the 
ARM GAS  C:\Users\david\AppData\Local\Temp\ccDnmgBe.s 			page 2


  28:main.c        **** * Cypress source code and derivative works for the sole purpose of creating 
  29:main.c        **** * custom software in support of licensee product, such licensee product to be
  30:main.c        **** * used only in conjunction with Cypress's integrated circuit as specified in the
  31:main.c        **** * applicable agreement. Any reproduction, modification, translation, compilation,
  32:main.c        **** * or representation of this Software except as specified above is prohibited 
  33:main.c        **** * without the express written permission of Cypress.
  34:main.c        **** * 
  35:main.c        **** * Disclaimer: THIS SOFTWARE IS PROVIDED AS-IS, WITH NO WARRANTY OF ANY KIND, 
  36:main.c        **** * EXPRESS OR IMPLIED, INCLUDING, BUT NOT LIMITED TO, NONINFRINGEMENT, IMPLIED 
  37:main.c        **** * WARRANTIES OF MERCHANTABILITY AND FITNESS FOR A PARTICULAR PURPOSE.
  38:main.c        **** * Cypress reserves the right to make changes to the Software without notice. 
  39:main.c        **** * Cypress does not assume any liability arising out of the application or use
  40:main.c        **** * of Software or any product or circuit described in the Software. Cypress does
  41:main.c        **** * not authorize its products for use as critical components in any products 
  42:main.c        **** * where a malfunction or failure may reasonably be expected to result in 
  43:main.c        **** * significant injury or death ("ACTIVE Risk Product"). By including Cypress's 
  44:main.c        **** * product in a ACTIVE Risk Product, the manufacturer of such system or application
  45:main.c        **** * assumes all risk of such use and in doing so indemnifies Cypress against all
  46:main.c        **** * liability. Use of this Software may be limited by and subject to the applicable
  47:main.c        **** * Cypress software license agreement.a
  48:main.c        **** *****************************************************************************/
  49:main.c        **** #include "project.h"
  50:main.c        **** #include<stdio.h>
  51:main.c        **** #include <stdlib.h>
  52:main.c        **** 
  53:main.c        **** #define MID_COUNT           (0x8000u)   /* for 16 bit counter*/
  54:main.c        **** #define DELAY               (10u)       /* 10 msec */
  55:main.c        ****                                         /* Delay should be more than the period 
  56:main.c        ****                                         of input signal to the quadrature 
  57:main.c        ****                                         decoder */
  58:main.c        **** typedef enum  rotation 
  59:main.c        **** {
  60:main.c        ****     NO_ROTATION     = 0,
  61:main.c        ****     CLOCKWISE       = 1,
  62:main.c        ****     ANTI_CLOCKWISE  = 2, 
  63:main.c        **** } rotation_t;
  64:main.c        **** 
  65:main.c        **** /******************************************************************************
  66:main.c        **** * Function Name: main()
  67:main.c        **** *******************************************************************************
  68:main.c        **** *
  69:main.c        **** * Summary: This is the system entrance point for Cortex-M4.
  70:main.c        **** * This function initializes the PSoC Components. To detect the direction of 
  71:main.c        **** * rotation, quadrature decoder counter in monitored, and result is shown using 
  72:main.c        **** * LED.    
  73:main.c        **** *
  74:main.c        **** * Parameters:
  75:main.c        **** *  None
  76:main.c        **** *
  77:main.c        **** * Return:
  78:main.c        **** *  int
  79:main.c        **** *
  80:main.c        **** * Side Effects:
  81:main.c        **** *  None  
  82:main.c        **** *
  83:main.c        **** ******************************************************************************/
  84:main.c        **** int main(void)
ARM GAS  C:\Users\david\AppData\Local\Temp\ccDnmgBe.s 			page 3


  85:main.c        **** {
  31              		.loc 1 85 0
  32              		.cfi_startproc
  33              		@ args = 0, pretend = 0, frame = 56
  34              		@ frame_needed = 0, uses_anonymous_args = 0
  35 0000 00B5     		push	{lr}
  36              		.cfi_def_cfa_offset 4
  37              		.cfi_offset 14, -4
  38 0002 8FB0     		sub	sp, sp, #60
  39              		.cfi_def_cfa_offset 64
  40              	.LVL0:
  41              	.LBB4:
  42              	.LBB5:
  43              		.file 2 "Generated_Source\\PSoC5/cmsis_gcc.h"
   1:Generated_Source\PSoC5/cmsis_gcc.h **** /**************************************************************************//**
   2:Generated_Source\PSoC5/cmsis_gcc.h ****  * @file     cmsis_gcc.h
   3:Generated_Source\PSoC5/cmsis_gcc.h ****  * @brief    CMSIS Cortex-M Core Function/Instruction Header File
   4:Generated_Source\PSoC5/cmsis_gcc.h ****  * @version  V5.00
   5:Generated_Source\PSoC5/cmsis_gcc.h ****  * @date     28. October 2016
   6:Generated_Source\PSoC5/cmsis_gcc.h ****  ******************************************************************************/
   7:Generated_Source\PSoC5/cmsis_gcc.h **** /*
   8:Generated_Source\PSoC5/cmsis_gcc.h ****  * Copyright (c) 2009-2016 ARM Limited. All rights reserved.
   9:Generated_Source\PSoC5/cmsis_gcc.h ****  *
  10:Generated_Source\PSoC5/cmsis_gcc.h ****  * SPDX-License-Identifier: Apache-2.0
  11:Generated_Source\PSoC5/cmsis_gcc.h ****  *
  12:Generated_Source\PSoC5/cmsis_gcc.h ****  * Licensed under the Apache License, Version 2.0 (the License); you may
  13:Generated_Source\PSoC5/cmsis_gcc.h ****  * not use this file except in compliance with the License.
  14:Generated_Source\PSoC5/cmsis_gcc.h ****  * You may obtain a copy of the License at
  15:Generated_Source\PSoC5/cmsis_gcc.h ****  *
  16:Generated_Source\PSoC5/cmsis_gcc.h ****  * http://www.apache.org/licenses/LICENSE-2.0
  17:Generated_Source\PSoC5/cmsis_gcc.h ****  *
  18:Generated_Source\PSoC5/cmsis_gcc.h ****  * Unless required by applicable law or agreed to in writing, software
  19:Generated_Source\PSoC5/cmsis_gcc.h ****  * distributed under the License is distributed on an AS IS BASIS, WITHOUT
  20:Generated_Source\PSoC5/cmsis_gcc.h ****  * WARRANTIES OR CONDITIONS OF ANY KIND, either express or implied.
  21:Generated_Source\PSoC5/cmsis_gcc.h ****  * See the License for the specific language governing permissions and
  22:Generated_Source\PSoC5/cmsis_gcc.h ****  * limitations under the License.
  23:Generated_Source\PSoC5/cmsis_gcc.h ****  */
  24:Generated_Source\PSoC5/cmsis_gcc.h **** 
  25:Generated_Source\PSoC5/cmsis_gcc.h **** #ifndef __CMSIS_GCC_H
  26:Generated_Source\PSoC5/cmsis_gcc.h **** #define __CMSIS_GCC_H
  27:Generated_Source\PSoC5/cmsis_gcc.h **** 
  28:Generated_Source\PSoC5/cmsis_gcc.h **** /* ignore some GCC warnings */
  29:Generated_Source\PSoC5/cmsis_gcc.h **** #pragma GCC diagnostic push
  30:Generated_Source\PSoC5/cmsis_gcc.h **** #pragma GCC diagnostic ignored "-Wsign-conversion"
  31:Generated_Source\PSoC5/cmsis_gcc.h **** #pragma GCC diagnostic ignored "-Wconversion"
  32:Generated_Source\PSoC5/cmsis_gcc.h **** #pragma GCC diagnostic ignored "-Wunused-parameter"
  33:Generated_Source\PSoC5/cmsis_gcc.h **** 
  34:Generated_Source\PSoC5/cmsis_gcc.h **** /* CMSIS compiler specific defines */
  35:Generated_Source\PSoC5/cmsis_gcc.h **** #ifndef   __ASM
  36:Generated_Source\PSoC5/cmsis_gcc.h ****   #define __ASM                     __asm
  37:Generated_Source\PSoC5/cmsis_gcc.h **** #endif
  38:Generated_Source\PSoC5/cmsis_gcc.h **** #ifndef   __INLINE
  39:Generated_Source\PSoC5/cmsis_gcc.h ****   #define __INLINE                  inline
  40:Generated_Source\PSoC5/cmsis_gcc.h **** #endif
  41:Generated_Source\PSoC5/cmsis_gcc.h **** #ifndef   __STATIC_INLINE
  42:Generated_Source\PSoC5/cmsis_gcc.h ****   #define __STATIC_INLINE           static inline
  43:Generated_Source\PSoC5/cmsis_gcc.h **** #endif
ARM GAS  C:\Users\david\AppData\Local\Temp\ccDnmgBe.s 			page 4


  44:Generated_Source\PSoC5/cmsis_gcc.h **** #ifndef   __NO_RETURN
  45:Generated_Source\PSoC5/cmsis_gcc.h ****   #define __NO_RETURN               __attribute__((noreturn))
  46:Generated_Source\PSoC5/cmsis_gcc.h **** #endif
  47:Generated_Source\PSoC5/cmsis_gcc.h **** #ifndef   __USED
  48:Generated_Source\PSoC5/cmsis_gcc.h ****   #define __USED                    __attribute__((used))
  49:Generated_Source\PSoC5/cmsis_gcc.h **** #endif
  50:Generated_Source\PSoC5/cmsis_gcc.h **** #ifndef   _WEAK
  51:Generated_Source\PSoC5/cmsis_gcc.h ****   #define __WEAK                    __attribute__((weak))
  52:Generated_Source\PSoC5/cmsis_gcc.h **** #endif
  53:Generated_Source\PSoC5/cmsis_gcc.h **** #ifndef   __UNALIGNED_UINT32
  54:Generated_Source\PSoC5/cmsis_gcc.h ****   struct __attribute__((packed)) T_UINT32 { uint32_t v; };
  55:Generated_Source\PSoC5/cmsis_gcc.h ****   #define __UNALIGNED_UINT32(x)     (((struct T_UINT32 *)(x))->v)
  56:Generated_Source\PSoC5/cmsis_gcc.h **** #endif
  57:Generated_Source\PSoC5/cmsis_gcc.h **** #ifndef   __ALIGNED
  58:Generated_Source\PSoC5/cmsis_gcc.h ****   #define __ALIGNED(x)              __attribute__((aligned(x)))
  59:Generated_Source\PSoC5/cmsis_gcc.h **** #endif
  60:Generated_Source\PSoC5/cmsis_gcc.h **** #ifndef   __PACKED
  61:Generated_Source\PSoC5/cmsis_gcc.h ****   #define __PACKED                  __attribute__((packed, aligned(1)))
  62:Generated_Source\PSoC5/cmsis_gcc.h **** #endif
  63:Generated_Source\PSoC5/cmsis_gcc.h **** 
  64:Generated_Source\PSoC5/cmsis_gcc.h **** 
  65:Generated_Source\PSoC5/cmsis_gcc.h **** /* ###########################  Core Function Access  ########################### */
  66:Generated_Source\PSoC5/cmsis_gcc.h **** /** \ingroup  CMSIS_Core_FunctionInterface
  67:Generated_Source\PSoC5/cmsis_gcc.h ****     \defgroup CMSIS_Core_RegAccFunctions CMSIS Core Register Access Functions
  68:Generated_Source\PSoC5/cmsis_gcc.h ****   @{
  69:Generated_Source\PSoC5/cmsis_gcc.h ****  */
  70:Generated_Source\PSoC5/cmsis_gcc.h **** 
  71:Generated_Source\PSoC5/cmsis_gcc.h **** /**
  72:Generated_Source\PSoC5/cmsis_gcc.h ****   \brief   Enable IRQ Interrupts
  73:Generated_Source\PSoC5/cmsis_gcc.h ****   \details Enables IRQ interrupts by clearing the I-bit in the CPSR.
  74:Generated_Source\PSoC5/cmsis_gcc.h ****            Can only be executed in Privileged modes.
  75:Generated_Source\PSoC5/cmsis_gcc.h ****  */
  76:Generated_Source\PSoC5/cmsis_gcc.h **** __attribute__((always_inline)) __STATIC_INLINE void __enable_irq(void)
  77:Generated_Source\PSoC5/cmsis_gcc.h **** {
  78:Generated_Source\PSoC5/cmsis_gcc.h ****   __ASM volatile ("cpsie i" : : : "memory");
  44              		.loc 2 78 0
  45              		.syntax unified
  46              	@ 78 "Generated_Source\PSoC5/cmsis_gcc.h" 1
  47 0004 62B6     		cpsie i
  48              	@ 0 "" 2
  49              		.thumb
  50              		.syntax unified
  51              	.LBE5:
  52              	.LBE4:
  86:main.c        ****     uint16_t count      = MID_COUNT;
  87:main.c        ****     uint16_t countPrev  = MID_COUNT;
  88:main.c        ****     float scalingFactor = 75.0 / 3350.0;
  89:main.c        ****     float angle;
  90:main.c        ****     char countStr[50];
  91:main.c        ****     char angleStr[50];
  92:main.c        ****     
  93:main.c        ****     float contador;
  94:main.c        ****     
  95:main.c        ****     
  96:main.c        ****     /* Select direction of rotation */
  97:main.c        ****     //rotation_t emulated_rotation = CLOCKWISE;
  98:main.c        ****     
ARM GAS  C:\Users\david\AppData\Local\Temp\ccDnmgBe.s 			page 5


  99:main.c        ****     __enable_irq();/* Enable global interrupts. */
 100:main.c        ****         
 101:main.c        ****     /* Initialize with config set in component and enable QuadDec */
 102:main.c        ****     QUADDEC_Start();
  53              		.loc 1 102 0
  54 0006 FFF7FEFF 		bl	QUADDEC_Start
  55              	.LVL1:
 103:main.c        ****     UART_Start();
  56              		.loc 1 103 0
  57 000a FFF7FEFF 		bl	UART_Start
  58              	.LVL2:
 104:main.c        ****     LCD_Start();
  59              		.loc 1 104 0
  60 000e FFF7FEFF 		bl	LCD_Start
  61              	.LVL3:
 105:main.c        ****     Clock_1_Start();
  62              		.loc 1 105 0
  63 0012 FFF7FEFF 		bl	Clock_1_Start
  64              	.LVL4:
  65              	.L2:
 106:main.c        ****     
 107:main.c        ****     for(;;)
 108:main.c        ****     {
 109:main.c        ****         count = QUADDEC_GetCounter();
  66              		.loc 1 109 0 discriminator 1
  67 0016 FFF7FEFF 		bl	QUADDEC_GetCounter
  68              	.LVL5:
 110:main.c        ****         angle = count * scalingFactor;
  69              		.loc 1 110 0 discriminator 1
  70 001a 80B2     		uxth	r0, r0
  71 001c FFF7FEFF 		bl	__aeabi_i2f
  72              	.LVL6:
  73 0020 0849     		ldr	r1, .L4
  74 0022 FFF7FEFF 		bl	__aeabi_fmul
  75              	.LVL7:
 111:main.c        ****         contador = contador + .123;
 112:main.c        ****         
 113:main.c        **** //        LCD_Position(0u, 0u);
 114:main.c        **** //        LCD_PrintString("Count: ");
 115:main.c        **** //        
 116:main.c        **** //        LCD_Position(0u, 7u);
 117:main.c        **** //        
 118:main.c        **** //        sprintf(countStr, "%d          ", count);
 119:main.c        **** //        LCD_PrintString(countStr);
 120:main.c        **** //        
 121:main.c        **** //        LCD_Position(1u, 0u);
 122:main.c        **** //        LCD_PrintString("Angle: ");
 123:main.c        **** //        
 124:main.c        **** //        LCD_Position(1u, 7u);
 125:main.c        ****         
 126:main.c        ****         sprintf(angleStr, "%f", angle);
  76              		.loc 1 126 0 discriminator 1
  77 0026 FFF7FEFF 		bl	__aeabi_f2d
  78              	.LVL8:
  79 002a 0246     		mov	r2, r0
  80 002c 0B46     		mov	r3, r1
  81 002e 0649     		ldr	r1, .L4+4
ARM GAS  C:\Users\david\AppData\Local\Temp\ccDnmgBe.s 			page 6


  82 0030 01A8     		add	r0, sp, #4
  83 0032 FFF7FEFF 		bl	sprintf
  84              	.LVL9:
 127:main.c        **** //        LCD_PrintString(angleStr);
 128:main.c        ****         
 129:main.c        ****         
 130:main.c        ****         UART_PutString(angleStr);
  85              		.loc 1 130 0 discriminator 1
  86 0036 01A8     		add	r0, sp, #4
  87 0038 FFF7FEFF 		bl	UART_PutString
  88              	.LVL10:
 131:main.c        ****         UART_PutString("\n\r");
  89              		.loc 1 131 0 discriminator 1
  90 003c 0348     		ldr	r0, .L4+8
  91 003e FFF7FEFF 		bl	UART_PutString
  92              	.LVL11:
  93 0042 E8E7     		b	.L2
  94              	.L5:
  95              		.align	2
  96              	.L4:
  97 0044 2A67B73C 		.word	1018652458
  98 0048 00000000 		.word	.LC0
  99 004c 04000000 		.word	.LC1
 100              		.cfi_endproc
 101              	.LFE64:
 102              		.size	main, .-main
 103              		.section	.rodata.str1.4,"aMS",%progbits,1
 104              		.align	2
 105              	.LC0:
 106 0000 256600   		.ascii	"%f\000"
 107 0003 00       		.space	1
 108              	.LC1:
 109 0004 0A0D00   		.ascii	"\012\015\000"
 110              		.text
 111              	.Letext0:
 112              		.file 3 "c:\\program files (x86)\\cypress\\psoc creator\\4.2\\psoc creator\\import\\gnu\\arm\\5.4.
 113              		.file 4 "c:\\program files (x86)\\cypress\\psoc creator\\4.2\\psoc creator\\import\\gnu\\arm\\5.4.
 114              		.file 5 "Generated_Source\\PSoC5/QUADDEC.h"
 115              		.file 6 "Generated_Source\\PSoC5/UART.h"
 116              		.file 7 "Generated_Source\\PSoC5/LCD.h"
 117              		.file 8 "Generated_Source\\PSoC5/Clock_1.h"
 118              		.file 9 "c:\\program files (x86)\\cypress\\psoc creator\\4.2\\psoc creator\\import\\gnu\\arm\\5.4.
 119              		.file 10 "Generated_Source\\PSoC5/core_cm3.h"
 120              		.section	.debug_info,"",%progbits
 121              	.Ldebug_info0:
 122 0000 27020000 		.4byte	0x227
 123 0004 0400     		.2byte	0x4
 124 0006 00000000 		.4byte	.Ldebug_abbrev0
 125 000a 04       		.byte	0x4
 126 000b 01       		.uleb128 0x1
 127 000c 56000000 		.4byte	.LASF32
 128 0010 0C       		.byte	0xc
 129 0011 07020000 		.4byte	.LASF33
 130 0015 87010000 		.4byte	.LASF34
 131 0019 00000000 		.4byte	.Ldebug_ranges0+0
 132 001d 00000000 		.4byte	0
 133 0021 00000000 		.4byte	.Ldebug_line0
ARM GAS  C:\Users\david\AppData\Local\Temp\ccDnmgBe.s 			page 7


 134 0025 02       		.uleb128 0x2
 135 0026 01       		.byte	0x1
 136 0027 06       		.byte	0x6
 137 0028 5D020000 		.4byte	.LASF0
 138 002c 02       		.uleb128 0x2
 139 002d 01       		.byte	0x1
 140 002e 08       		.byte	0x8
 141 002f 48000000 		.4byte	.LASF1
 142 0033 02       		.uleb128 0x2
 143 0034 02       		.byte	0x2
 144 0035 05       		.byte	0x5
 145 0036 2C020000 		.4byte	.LASF2
 146 003a 03       		.uleb128 0x3
 147 003b 3E010000 		.4byte	.LASF4
 148 003f 03       		.byte	0x3
 149 0040 2B       		.byte	0x2b
 150 0041 45000000 		.4byte	0x45
 151 0045 02       		.uleb128 0x2
 152 0046 02       		.byte	0x2
 153 0047 07       		.byte	0x7
 154 0048 0D010000 		.4byte	.LASF3
 155 004c 03       		.uleb128 0x3
 156 004d 0E000000 		.4byte	.LASF5
 157 0051 03       		.byte	0x3
 158 0052 3F       		.byte	0x3f
 159 0053 57000000 		.4byte	0x57
 160 0057 02       		.uleb128 0x2
 161 0058 04       		.byte	0x4
 162 0059 05       		.byte	0x5
 163 005a 3F020000 		.4byte	.LASF6
 164 005e 02       		.uleb128 0x2
 165 005f 04       		.byte	0x4
 166 0060 07       		.byte	0x7
 167 0061 FB000000 		.4byte	.LASF7
 168 0065 02       		.uleb128 0x2
 169 0066 08       		.byte	0x8
 170 0067 05       		.byte	0x5
 171 0068 F9010000 		.4byte	.LASF8
 172 006c 02       		.uleb128 0x2
 173 006d 08       		.byte	0x8
 174 006e 07       		.byte	0x7
 175 006f 70010000 		.4byte	.LASF9
 176 0073 04       		.uleb128 0x4
 177 0074 04       		.byte	0x4
 178 0075 05       		.byte	0x5
 179 0076 696E7400 		.ascii	"int\000"
 180 007a 02       		.uleb128 0x2
 181 007b 04       		.byte	0x4
 182 007c 07       		.byte	0x7
 183 007d 63010000 		.4byte	.LASF10
 184 0081 03       		.uleb128 0x3
 185 0082 36020000 		.4byte	.LASF11
 186 0086 04       		.byte	0x4
 187 0087 24       		.byte	0x24
 188 0088 3A000000 		.4byte	0x3a
 189 008c 03       		.uleb128 0x3
 190 008d E8010000 		.4byte	.LASF12
ARM GAS  C:\Users\david\AppData\Local\Temp\ccDnmgBe.s 			page 8


 191 0091 04       		.byte	0x4
 192 0092 2C       		.byte	0x2c
 193 0093 4C000000 		.4byte	0x4c
 194 0097 02       		.uleb128 0x2
 195 0098 04       		.byte	0x4
 196 0099 04       		.byte	0x4
 197 009a 2B000000 		.4byte	.LASF13
 198 009e 02       		.uleb128 0x2
 199 009f 08       		.byte	0x8
 200 00a0 04       		.byte	0x4
 201 00a1 49010000 		.4byte	.LASF14
 202 00a5 02       		.uleb128 0x2
 203 00a6 01       		.byte	0x1
 204 00a7 08       		.byte	0x8
 205 00a8 0E020000 		.4byte	.LASF15
 206 00ac 02       		.uleb128 0x2
 207 00ad 08       		.byte	0x8
 208 00ae 04       		.byte	0x4
 209 00af 51020000 		.4byte	.LASF16
 210 00b3 02       		.uleb128 0x2
 211 00b4 04       		.byte	0x4
 212 00b5 07       		.byte	0x7
 213 00b6 F0010000 		.4byte	.LASF17
 214 00ba 05       		.uleb128 0x5
 215 00bb 3B000000 		.4byte	.LASF35
 216 00bf 02       		.byte	0x2
 217 00c0 4C       		.byte	0x4c
 218 00c1 03       		.byte	0x3
 219 00c2 06       		.uleb128 0x6
 220 00c3 5E010000 		.4byte	.LASF36
 221 00c7 01       		.byte	0x1
 222 00c8 54       		.byte	0x54
 223 00c9 73000000 		.4byte	0x73
 224 00cd 00000000 		.4byte	.LFB64
 225 00d1 50000000 		.4byte	.LFE64-.LFB64
 226 00d5 01       		.uleb128 0x1
 227 00d6 9C       		.byte	0x9c
 228 00d7 BC010000 		.4byte	0x1bc
 229 00db 07       		.uleb128 0x7
 230 00dc 26020000 		.4byte	.LASF18
 231 00e0 01       		.byte	0x1
 232 00e1 56       		.byte	0x56
 233 00e2 81000000 		.4byte	0x81
 234 00e6 00000000 		.4byte	.LLST0
 235 00ea 08       		.uleb128 0x8
 236 00eb 21000000 		.4byte	.LASF19
 237 00ef 01       		.byte	0x1
 238 00f0 57       		.byte	0x57
 239 00f1 81000000 		.4byte	0x81
 240 00f5 80807E   		.sleb128 -32768
 241 00f8 09       		.uleb128 0x9
 242 00f9 00000000 		.4byte	.LASF20
 243 00fd 01       		.byte	0x1
 244 00fe 58       		.byte	0x58
 245 00ff 97000000 		.4byte	0x97
 246 0103 04       		.byte	0x4
 247 0104 2A67B73C 		.4byte	0x3cb7672a
ARM GAS  C:\Users\david\AppData\Local\Temp\ccDnmgBe.s 			page 9


 248 0108 07       		.uleb128 0x7
 249 0109 2B010000 		.4byte	.LASF21
 250 010d 01       		.byte	0x1
 251 010e 59       		.byte	0x59
 252 010f 97000000 		.4byte	0x97
 253 0113 21000000 		.4byte	.LLST1
 254 0117 0A       		.uleb128 0xa
 255 0118 48020000 		.4byte	.LASF23
 256 011c 01       		.byte	0x1
 257 011d 5A       		.byte	0x5a
 258 011e BC010000 		.4byte	0x1bc
 259 0122 0B       		.uleb128 0xb
 260 0123 18000000 		.4byte	.LASF22
 261 0127 01       		.byte	0x1
 262 0128 5B       		.byte	0x5b
 263 0129 BC010000 		.4byte	0x1bc
 264 012d 02       		.uleb128 0x2
 265 012e 91       		.byte	0x91
 266 012f 44       		.sleb128 -60
 267 0130 0A       		.uleb128 0xa
 268 0131 F2000000 		.4byte	.LASF24
 269 0135 01       		.byte	0x1
 270 0136 5D       		.byte	0x5d
 271 0137 97000000 		.4byte	0x97
 272 013b 0C       		.uleb128 0xc
 273 013c BA000000 		.4byte	0xba
 274 0140 04000000 		.4byte	.LBB4
 275 0144 02000000 		.4byte	.LBE4-.LBB4
 276 0148 01       		.byte	0x1
 277 0149 63       		.byte	0x63
 278 014a 0D       		.uleb128 0xd
 279 014b 0A000000 		.4byte	.LVL1
 280 014f DD010000 		.4byte	0x1dd
 281 0153 0D       		.uleb128 0xd
 282 0154 0E000000 		.4byte	.LVL2
 283 0158 E8010000 		.4byte	0x1e8
 284 015c 0D       		.uleb128 0xd
 285 015d 12000000 		.4byte	.LVL3
 286 0161 F3010000 		.4byte	0x1f3
 287 0165 0D       		.uleb128 0xd
 288 0166 16000000 		.4byte	.LVL4
 289 016a FE010000 		.4byte	0x1fe
 290 016e 0D       		.uleb128 0xd
 291 016f 1A000000 		.4byte	.LVL5
 292 0173 09020000 		.4byte	0x209
 293 0177 0E       		.uleb128 0xe
 294 0178 36000000 		.4byte	.LVL9
 295 017c 14020000 		.4byte	0x214
 296 0180 94010000 		.4byte	0x194
 297 0184 0F       		.uleb128 0xf
 298 0185 01       		.uleb128 0x1
 299 0186 50       		.byte	0x50
 300 0187 02       		.uleb128 0x2
 301 0188 91       		.byte	0x91
 302 0189 44       		.sleb128 -60
 303 018a 0F       		.uleb128 0xf
 304 018b 01       		.uleb128 0x1
ARM GAS  C:\Users\david\AppData\Local\Temp\ccDnmgBe.s 			page 10


 305 018c 51       		.byte	0x51
 306 018d 05       		.uleb128 0x5
 307 018e 03       		.byte	0x3
 308 018f 00000000 		.4byte	.LC0
 309 0193 00       		.byte	0
 310 0194 0E       		.uleb128 0xe
 311 0195 3C000000 		.4byte	.LVL10
 312 0199 1F020000 		.4byte	0x21f
 313 019d A8010000 		.4byte	0x1a8
 314 01a1 0F       		.uleb128 0xf
 315 01a2 01       		.uleb128 0x1
 316 01a3 50       		.byte	0x50
 317 01a4 02       		.uleb128 0x2
 318 01a5 91       		.byte	0x91
 319 01a6 44       		.sleb128 -60
 320 01a7 00       		.byte	0
 321 01a8 10       		.uleb128 0x10
 322 01a9 42000000 		.4byte	.LVL11
 323 01ad 1F020000 		.4byte	0x21f
 324 01b1 0F       		.uleb128 0xf
 325 01b2 01       		.uleb128 0x1
 326 01b3 50       		.byte	0x50
 327 01b4 05       		.uleb128 0x5
 328 01b5 03       		.byte	0x3
 329 01b6 04000000 		.4byte	.LC1
 330 01ba 00       		.byte	0
 331 01bb 00       		.byte	0
 332 01bc 11       		.uleb128 0x11
 333 01bd A5000000 		.4byte	0xa5
 334 01c1 CC010000 		.4byte	0x1cc
 335 01c5 12       		.uleb128 0x12
 336 01c6 B3000000 		.4byte	0xb3
 337 01ca 31       		.byte	0x31
 338 01cb 00       		.byte	0
 339 01cc 13       		.uleb128 0x13
 340 01cd 31010000 		.4byte	.LASF37
 341 01d1 0A       		.byte	0xa
 342 01d2 1207     		.2byte	0x712
 343 01d4 D8010000 		.4byte	0x1d8
 344 01d8 14       		.uleb128 0x14
 345 01d9 8C000000 		.4byte	0x8c
 346 01dd 15       		.uleb128 0x15
 347 01de 50010000 		.4byte	.LASF25
 348 01e2 50010000 		.4byte	.LASF25
 349 01e6 05       		.byte	0x5
 350 01e7 48       		.byte	0x48
 351 01e8 15       		.uleb128 0x15
 352 01e9 20010000 		.4byte	.LASF26
 353 01ed 20010000 		.4byte	.LASF26
 354 01f1 06       		.byte	0x6
 355 01f2 54       		.byte	0x54
 356 01f3 15       		.uleb128 0x15
 357 01f4 31000000 		.4byte	.LASF27
 358 01f8 31000000 		.4byte	.LASF27
 359 01fc 07       		.byte	0x7
 360 01fd 38       		.byte	0x38
 361 01fe 15       		.uleb128 0x15
ARM GAS  C:\Users\david\AppData\Local\Temp\ccDnmgBe.s 			page 11


 362 01ff E4000000 		.4byte	.LASF28
 363 0203 E4000000 		.4byte	.LASF28
 364 0207 08       		.byte	0x8
 365 0208 27       		.byte	0x27
 366 0209 15       		.uleb128 0x15
 367 020a 13020000 		.4byte	.LASF29
 368 020e 13020000 		.4byte	.LASF29
 369 0212 05       		.byte	0x5
 370 0213 4E       		.byte	0x4e
 371 0214 15       		.uleb128 0x15
 372 0215 78020000 		.4byte	.LASF30
 373 0219 78020000 		.4byte	.LASF30
 374 021d 09       		.byte	0x9
 375 021e E7       		.byte	0xe7
 376 021f 15       		.uleb128 0x15
 377 0220 69020000 		.4byte	.LASF31
 378 0224 69020000 		.4byte	.LASF31
 379 0228 06       		.byte	0x6
 380 0229 8B       		.byte	0x8b
 381 022a 00       		.byte	0
 382              		.section	.debug_abbrev,"",%progbits
 383              	.Ldebug_abbrev0:
 384 0000 01       		.uleb128 0x1
 385 0001 11       		.uleb128 0x11
 386 0002 01       		.byte	0x1
 387 0003 25       		.uleb128 0x25
 388 0004 0E       		.uleb128 0xe
 389 0005 13       		.uleb128 0x13
 390 0006 0B       		.uleb128 0xb
 391 0007 03       		.uleb128 0x3
 392 0008 0E       		.uleb128 0xe
 393 0009 1B       		.uleb128 0x1b
 394 000a 0E       		.uleb128 0xe
 395 000b 55       		.uleb128 0x55
 396 000c 17       		.uleb128 0x17
 397 000d 11       		.uleb128 0x11
 398 000e 01       		.uleb128 0x1
 399 000f 10       		.uleb128 0x10
 400 0010 17       		.uleb128 0x17
 401 0011 00       		.byte	0
 402 0012 00       		.byte	0
 403 0013 02       		.uleb128 0x2
 404 0014 24       		.uleb128 0x24
 405 0015 00       		.byte	0
 406 0016 0B       		.uleb128 0xb
 407 0017 0B       		.uleb128 0xb
 408 0018 3E       		.uleb128 0x3e
 409 0019 0B       		.uleb128 0xb
 410 001a 03       		.uleb128 0x3
 411 001b 0E       		.uleb128 0xe
 412 001c 00       		.byte	0
 413 001d 00       		.byte	0
 414 001e 03       		.uleb128 0x3
 415 001f 16       		.uleb128 0x16
 416 0020 00       		.byte	0
 417 0021 03       		.uleb128 0x3
 418 0022 0E       		.uleb128 0xe
ARM GAS  C:\Users\david\AppData\Local\Temp\ccDnmgBe.s 			page 12


 419 0023 3A       		.uleb128 0x3a
 420 0024 0B       		.uleb128 0xb
 421 0025 3B       		.uleb128 0x3b
 422 0026 0B       		.uleb128 0xb
 423 0027 49       		.uleb128 0x49
 424 0028 13       		.uleb128 0x13
 425 0029 00       		.byte	0
 426 002a 00       		.byte	0
 427 002b 04       		.uleb128 0x4
 428 002c 24       		.uleb128 0x24
 429 002d 00       		.byte	0
 430 002e 0B       		.uleb128 0xb
 431 002f 0B       		.uleb128 0xb
 432 0030 3E       		.uleb128 0x3e
 433 0031 0B       		.uleb128 0xb
 434 0032 03       		.uleb128 0x3
 435 0033 08       		.uleb128 0x8
 436 0034 00       		.byte	0
 437 0035 00       		.byte	0
 438 0036 05       		.uleb128 0x5
 439 0037 2E       		.uleb128 0x2e
 440 0038 00       		.byte	0
 441 0039 03       		.uleb128 0x3
 442 003a 0E       		.uleb128 0xe
 443 003b 3A       		.uleb128 0x3a
 444 003c 0B       		.uleb128 0xb
 445 003d 3B       		.uleb128 0x3b
 446 003e 0B       		.uleb128 0xb
 447 003f 27       		.uleb128 0x27
 448 0040 19       		.uleb128 0x19
 449 0041 20       		.uleb128 0x20
 450 0042 0B       		.uleb128 0xb
 451 0043 00       		.byte	0
 452 0044 00       		.byte	0
 453 0045 06       		.uleb128 0x6
 454 0046 2E       		.uleb128 0x2e
 455 0047 01       		.byte	0x1
 456 0048 3F       		.uleb128 0x3f
 457 0049 19       		.uleb128 0x19
 458 004a 03       		.uleb128 0x3
 459 004b 0E       		.uleb128 0xe
 460 004c 3A       		.uleb128 0x3a
 461 004d 0B       		.uleb128 0xb
 462 004e 3B       		.uleb128 0x3b
 463 004f 0B       		.uleb128 0xb
 464 0050 27       		.uleb128 0x27
 465 0051 19       		.uleb128 0x19
 466 0052 49       		.uleb128 0x49
 467 0053 13       		.uleb128 0x13
 468 0054 8701     		.uleb128 0x87
 469 0056 19       		.uleb128 0x19
 470 0057 11       		.uleb128 0x11
 471 0058 01       		.uleb128 0x1
 472 0059 12       		.uleb128 0x12
 473 005a 06       		.uleb128 0x6
 474 005b 40       		.uleb128 0x40
 475 005c 18       		.uleb128 0x18
ARM GAS  C:\Users\david\AppData\Local\Temp\ccDnmgBe.s 			page 13


 476 005d 9642     		.uleb128 0x2116
 477 005f 19       		.uleb128 0x19
 478 0060 01       		.uleb128 0x1
 479 0061 13       		.uleb128 0x13
 480 0062 00       		.byte	0
 481 0063 00       		.byte	0
 482 0064 07       		.uleb128 0x7
 483 0065 34       		.uleb128 0x34
 484 0066 00       		.byte	0
 485 0067 03       		.uleb128 0x3
 486 0068 0E       		.uleb128 0xe
 487 0069 3A       		.uleb128 0x3a
 488 006a 0B       		.uleb128 0xb
 489 006b 3B       		.uleb128 0x3b
 490 006c 0B       		.uleb128 0xb
 491 006d 49       		.uleb128 0x49
 492 006e 13       		.uleb128 0x13
 493 006f 02       		.uleb128 0x2
 494 0070 17       		.uleb128 0x17
 495 0071 00       		.byte	0
 496 0072 00       		.byte	0
 497 0073 08       		.uleb128 0x8
 498 0074 34       		.uleb128 0x34
 499 0075 00       		.byte	0
 500 0076 03       		.uleb128 0x3
 501 0077 0E       		.uleb128 0xe
 502 0078 3A       		.uleb128 0x3a
 503 0079 0B       		.uleb128 0xb
 504 007a 3B       		.uleb128 0x3b
 505 007b 0B       		.uleb128 0xb
 506 007c 49       		.uleb128 0x49
 507 007d 13       		.uleb128 0x13
 508 007e 1C       		.uleb128 0x1c
 509 007f 0D       		.uleb128 0xd
 510 0080 00       		.byte	0
 511 0081 00       		.byte	0
 512 0082 09       		.uleb128 0x9
 513 0083 34       		.uleb128 0x34
 514 0084 00       		.byte	0
 515 0085 03       		.uleb128 0x3
 516 0086 0E       		.uleb128 0xe
 517 0087 3A       		.uleb128 0x3a
 518 0088 0B       		.uleb128 0xb
 519 0089 3B       		.uleb128 0x3b
 520 008a 0B       		.uleb128 0xb
 521 008b 49       		.uleb128 0x49
 522 008c 13       		.uleb128 0x13
 523 008d 1C       		.uleb128 0x1c
 524 008e 0A       		.uleb128 0xa
 525 008f 00       		.byte	0
 526 0090 00       		.byte	0
 527 0091 0A       		.uleb128 0xa
 528 0092 34       		.uleb128 0x34
 529 0093 00       		.byte	0
 530 0094 03       		.uleb128 0x3
 531 0095 0E       		.uleb128 0xe
 532 0096 3A       		.uleb128 0x3a
ARM GAS  C:\Users\david\AppData\Local\Temp\ccDnmgBe.s 			page 14


 533 0097 0B       		.uleb128 0xb
 534 0098 3B       		.uleb128 0x3b
 535 0099 0B       		.uleb128 0xb
 536 009a 49       		.uleb128 0x49
 537 009b 13       		.uleb128 0x13
 538 009c 00       		.byte	0
 539 009d 00       		.byte	0
 540 009e 0B       		.uleb128 0xb
 541 009f 34       		.uleb128 0x34
 542 00a0 00       		.byte	0
 543 00a1 03       		.uleb128 0x3
 544 00a2 0E       		.uleb128 0xe
 545 00a3 3A       		.uleb128 0x3a
 546 00a4 0B       		.uleb128 0xb
 547 00a5 3B       		.uleb128 0x3b
 548 00a6 0B       		.uleb128 0xb
 549 00a7 49       		.uleb128 0x49
 550 00a8 13       		.uleb128 0x13
 551 00a9 02       		.uleb128 0x2
 552 00aa 18       		.uleb128 0x18
 553 00ab 00       		.byte	0
 554 00ac 00       		.byte	0
 555 00ad 0C       		.uleb128 0xc
 556 00ae 1D       		.uleb128 0x1d
 557 00af 00       		.byte	0
 558 00b0 31       		.uleb128 0x31
 559 00b1 13       		.uleb128 0x13
 560 00b2 11       		.uleb128 0x11
 561 00b3 01       		.uleb128 0x1
 562 00b4 12       		.uleb128 0x12
 563 00b5 06       		.uleb128 0x6
 564 00b6 58       		.uleb128 0x58
 565 00b7 0B       		.uleb128 0xb
 566 00b8 59       		.uleb128 0x59
 567 00b9 0B       		.uleb128 0xb
 568 00ba 00       		.byte	0
 569 00bb 00       		.byte	0
 570 00bc 0D       		.uleb128 0xd
 571 00bd 898201   		.uleb128 0x4109
 572 00c0 00       		.byte	0
 573 00c1 11       		.uleb128 0x11
 574 00c2 01       		.uleb128 0x1
 575 00c3 31       		.uleb128 0x31
 576 00c4 13       		.uleb128 0x13
 577 00c5 00       		.byte	0
 578 00c6 00       		.byte	0
 579 00c7 0E       		.uleb128 0xe
 580 00c8 898201   		.uleb128 0x4109
 581 00cb 01       		.byte	0x1
 582 00cc 11       		.uleb128 0x11
 583 00cd 01       		.uleb128 0x1
 584 00ce 31       		.uleb128 0x31
 585 00cf 13       		.uleb128 0x13
 586 00d0 01       		.uleb128 0x1
 587 00d1 13       		.uleb128 0x13
 588 00d2 00       		.byte	0
 589 00d3 00       		.byte	0
ARM GAS  C:\Users\david\AppData\Local\Temp\ccDnmgBe.s 			page 15


 590 00d4 0F       		.uleb128 0xf
 591 00d5 8A8201   		.uleb128 0x410a
 592 00d8 00       		.byte	0
 593 00d9 02       		.uleb128 0x2
 594 00da 18       		.uleb128 0x18
 595 00db 9142     		.uleb128 0x2111
 596 00dd 18       		.uleb128 0x18
 597 00de 00       		.byte	0
 598 00df 00       		.byte	0
 599 00e0 10       		.uleb128 0x10
 600 00e1 898201   		.uleb128 0x4109
 601 00e4 01       		.byte	0x1
 602 00e5 11       		.uleb128 0x11
 603 00e6 01       		.uleb128 0x1
 604 00e7 31       		.uleb128 0x31
 605 00e8 13       		.uleb128 0x13
 606 00e9 00       		.byte	0
 607 00ea 00       		.byte	0
 608 00eb 11       		.uleb128 0x11
 609 00ec 01       		.uleb128 0x1
 610 00ed 01       		.byte	0x1
 611 00ee 49       		.uleb128 0x49
 612 00ef 13       		.uleb128 0x13
 613 00f0 01       		.uleb128 0x1
 614 00f1 13       		.uleb128 0x13
 615 00f2 00       		.byte	0
 616 00f3 00       		.byte	0
 617 00f4 12       		.uleb128 0x12
 618 00f5 21       		.uleb128 0x21
 619 00f6 00       		.byte	0
 620 00f7 49       		.uleb128 0x49
 621 00f8 13       		.uleb128 0x13
 622 00f9 2F       		.uleb128 0x2f
 623 00fa 0B       		.uleb128 0xb
 624 00fb 00       		.byte	0
 625 00fc 00       		.byte	0
 626 00fd 13       		.uleb128 0x13
 627 00fe 34       		.uleb128 0x34
 628 00ff 00       		.byte	0
 629 0100 03       		.uleb128 0x3
 630 0101 0E       		.uleb128 0xe
 631 0102 3A       		.uleb128 0x3a
 632 0103 0B       		.uleb128 0xb
 633 0104 3B       		.uleb128 0x3b
 634 0105 05       		.uleb128 0x5
 635 0106 49       		.uleb128 0x49
 636 0107 13       		.uleb128 0x13
 637 0108 3F       		.uleb128 0x3f
 638 0109 19       		.uleb128 0x19
 639 010a 3C       		.uleb128 0x3c
 640 010b 19       		.uleb128 0x19
 641 010c 00       		.byte	0
 642 010d 00       		.byte	0
 643 010e 14       		.uleb128 0x14
 644 010f 35       		.uleb128 0x35
 645 0110 00       		.byte	0
 646 0111 49       		.uleb128 0x49
ARM GAS  C:\Users\david\AppData\Local\Temp\ccDnmgBe.s 			page 16


 647 0112 13       		.uleb128 0x13
 648 0113 00       		.byte	0
 649 0114 00       		.byte	0
 650 0115 15       		.uleb128 0x15
 651 0116 2E       		.uleb128 0x2e
 652 0117 00       		.byte	0
 653 0118 3F       		.uleb128 0x3f
 654 0119 19       		.uleb128 0x19
 655 011a 3C       		.uleb128 0x3c
 656 011b 19       		.uleb128 0x19
 657 011c 6E       		.uleb128 0x6e
 658 011d 0E       		.uleb128 0xe
 659 011e 03       		.uleb128 0x3
 660 011f 0E       		.uleb128 0xe
 661 0120 3A       		.uleb128 0x3a
 662 0121 0B       		.uleb128 0xb
 663 0122 3B       		.uleb128 0x3b
 664 0123 0B       		.uleb128 0xb
 665 0124 00       		.byte	0
 666 0125 00       		.byte	0
 667 0126 00       		.byte	0
 668              		.section	.debug_loc,"",%progbits
 669              	.Ldebug_loc0:
 670              	.LLST0:
 671 0000 04000000 		.4byte	.LVL0
 672 0004 16000000 		.4byte	.LVL4
 673 0008 0400     		.2byte	0x4
 674 000a 0B       		.byte	0xb
 675 000b 0080     		.2byte	0x8000
 676 000d 9F       		.byte	0x9f
 677 000e 1A000000 		.4byte	.LVL5
 678 0012 1F000000 		.4byte	.LVL6-1
 679 0016 0100     		.2byte	0x1
 680 0018 50       		.byte	0x50
 681 0019 00000000 		.4byte	0
 682 001d 00000000 		.4byte	0
 683              	.LLST1:
 684 0021 26000000 		.4byte	.LVL7
 685 0025 29000000 		.4byte	.LVL8-1
 686 0029 0100     		.2byte	0x1
 687 002b 50       		.byte	0x50
 688 002c 00000000 		.4byte	0
 689 0030 00000000 		.4byte	0
 690              		.section	.debug_aranges,"",%progbits
 691 0000 1C000000 		.4byte	0x1c
 692 0004 0200     		.2byte	0x2
 693 0006 00000000 		.4byte	.Ldebug_info0
 694 000a 04       		.byte	0x4
 695 000b 00       		.byte	0
 696 000c 0000     		.2byte	0
 697 000e 0000     		.2byte	0
 698 0010 00000000 		.4byte	.LFB64
 699 0014 50000000 		.4byte	.LFE64-.LFB64
 700 0018 00000000 		.4byte	0
 701 001c 00000000 		.4byte	0
 702              		.section	.debug_ranges,"",%progbits
 703              	.Ldebug_ranges0:
ARM GAS  C:\Users\david\AppData\Local\Temp\ccDnmgBe.s 			page 17


 704 0000 00000000 		.4byte	.LFB64
 705 0004 50000000 		.4byte	.LFE64
 706 0008 00000000 		.4byte	0
 707 000c 00000000 		.4byte	0
 708              		.section	.debug_line,"",%progbits
 709              	.Ldebug_line0:
 710 0000 2C020000 		.section	.debug_str,"MS",%progbits,1
 710      0200EE01 
 710      00000201 
 710      FB0E0D00 
 710      01010101 
 711              	.LASF20:
 712 0000 7363616C 		.ascii	"scalingFactor\000"
 712      696E6746 
 712      6163746F 
 712      7200
 713              	.LASF5:
 714 000e 5F5F696E 		.ascii	"__int32_t\000"
 714      7433325F 
 714      7400
 715              	.LASF22:
 716 0018 616E676C 		.ascii	"angleStr\000"
 716      65537472 
 716      00
 717              	.LASF19:
 718 0021 636F756E 		.ascii	"countPrev\000"
 718      74507265 
 718      7600
 719              	.LASF13:
 720 002b 666C6F61 		.ascii	"float\000"
 720      7400
 721              	.LASF27:
 722 0031 4C43445F 		.ascii	"LCD_Start\000"
 722      53746172 
 722      7400
 723              	.LASF35:
 724 003b 5F5F656E 		.ascii	"__enable_irq\000"
 724      61626C65 
 724      5F697271 
 724      00
 725              	.LASF1:
 726 0048 756E7369 		.ascii	"unsigned char\000"
 726      676E6564 
 726      20636861 
 726      7200
 727              	.LASF32:
 728 0056 474E5520 		.ascii	"GNU C11 5.4.1 20160609 (release) [ARM/embedded-5-br"
 728      43313120 
 728      352E342E 
 728      31203230 
 728      31363036 
 729 0089 616E6368 		.ascii	"anch revision 237715] -mcpu=cortex-m3 -mthumb -g -O"
 729      20726576 
 729      6973696F 
 729      6E203233 
 729      37373135 
 730 00bc 67202D66 		.ascii	"g -ffunction-sections -ffat-lto-objects\000"
ARM GAS  C:\Users\david\AppData\Local\Temp\ccDnmgBe.s 			page 18


 730      66756E63 
 730      74696F6E 
 730      2D736563 
 730      74696F6E 
 731              	.LASF28:
 732 00e4 436C6F63 		.ascii	"Clock_1_Start\000"
 732      6B5F315F 
 732      53746172 
 732      7400
 733              	.LASF24:
 734 00f2 636F6E74 		.ascii	"contador\000"
 734      61646F72 
 734      00
 735              	.LASF7:
 736 00fb 6C6F6E67 		.ascii	"long unsigned int\000"
 736      20756E73 
 736      69676E65 
 736      6420696E 
 736      7400
 737              	.LASF3:
 738 010d 73686F72 		.ascii	"short unsigned int\000"
 738      7420756E 
 738      7369676E 
 738      65642069 
 738      6E7400
 739              	.LASF26:
 740 0120 55415254 		.ascii	"UART_Start\000"
 740      5F537461 
 740      727400
 741              	.LASF21:
 742 012b 616E676C 		.ascii	"angle\000"
 742      6500
 743              	.LASF37:
 744 0131 49544D5F 		.ascii	"ITM_RxBuffer\000"
 744      52784275 
 744      66666572 
 744      00
 745              	.LASF4:
 746 013e 5F5F7569 		.ascii	"__uint16_t\000"
 746      6E743136 
 746      5F7400
 747              	.LASF14:
 748 0149 646F7562 		.ascii	"double\000"
 748      6C6500
 749              	.LASF25:
 750 0150 51554144 		.ascii	"QUADDEC_Start\000"
 750      4445435F 
 750      53746172 
 750      7400
 751              	.LASF36:
 752 015e 6D61696E 		.ascii	"main\000"
 752      00
 753              	.LASF10:
 754 0163 756E7369 		.ascii	"unsigned int\000"
 754      676E6564 
 754      20696E74 
 754      00
ARM GAS  C:\Users\david\AppData\Local\Temp\ccDnmgBe.s 			page 19


 755              	.LASF9:
 756 0170 6C6F6E67 		.ascii	"long long unsigned int\000"
 756      206C6F6E 
 756      6720756E 
 756      7369676E 
 756      65642069 
 757              	.LASF34:
 758 0187 443A5C4F 		.ascii	"D:\\OneDrive - Estudiantes ITCR\\Escritorio\\Adquis"
 758      6E654472 
 758      69766520 
 758      2D204573 
 758      74756469 
 759 01b7 6963696F 		.ascii	"icion datos GIT\\Adquisicion datos\\Design01.cydsn\000"
 759      6E206461 
 759      746F7320 
 759      4749545C 
 759      41647175 
 760              	.LASF12:
 761 01e8 696E7433 		.ascii	"int32_t\000"
 761      325F7400 
 762              	.LASF17:
 763 01f0 73697A65 		.ascii	"sizetype\000"
 763      74797065 
 763      00
 764              	.LASF8:
 765 01f9 6C6F6E67 		.ascii	"long long int\000"
 765      206C6F6E 
 765      6720696E 
 765      7400
 766              	.LASF33:
 767 0207 6D61696E 		.ascii	"main.c\000"
 767      2E6300
 768              	.LASF15:
 769 020e 63686172 		.ascii	"char\000"
 769      00
 770              	.LASF29:
 771 0213 51554144 		.ascii	"QUADDEC_GetCounter\000"
 771      4445435F 
 771      47657443 
 771      6F756E74 
 771      657200
 772              	.LASF18:
 773 0226 636F756E 		.ascii	"count\000"
 773      7400
 774              	.LASF2:
 775 022c 73686F72 		.ascii	"short int\000"
 775      7420696E 
 775      7400
 776              	.LASF11:
 777 0236 75696E74 		.ascii	"uint16_t\000"
 777      31365F74 
 777      00
 778              	.LASF6:
 779 023f 6C6F6E67 		.ascii	"long int\000"
 779      20696E74 
 779      00
 780              	.LASF23:
ARM GAS  C:\Users\david\AppData\Local\Temp\ccDnmgBe.s 			page 20


 781 0248 636F756E 		.ascii	"countStr\000"
 781      74537472 
 781      00
 782              	.LASF16:
 783 0251 6C6F6E67 		.ascii	"long double\000"
 783      20646F75 
 783      626C6500 
 784              	.LASF0:
 785 025d 7369676E 		.ascii	"signed char\000"
 785      65642063 
 785      68617200 
 786              	.LASF31:
 787 0269 55415254 		.ascii	"UART_PutString\000"
 787      5F507574 
 787      53747269 
 787      6E6700
 788              	.LASF30:
 789 0278 73707269 		.ascii	"sprintf\000"
 789      6E746600 
 790              		.ident	"GCC: (GNU Tools for ARM Embedded Processors) 5.4.1 20160609 (release) [ARM/embedded-5-bran
